rand1M           MultiMMC binary C=499683 r=20 N=999998 | generic C=499683 r=20 N=999999 OK
rand1M           LZ78Y    binary C=499994 r=19 N=999983 | generic C=499994 r=19 N=999984 OK
rand1M           Lag      binary C=501413 r=22 N=999999 | generic C=501413 r=22 N=1000000 OK
rand1M           MultiMCW binary C=499712 r=19 N=999937 | generic C=499712 r=19 N=999938 OK
bias0.8_300k     MultiMMC binary C=240185 r=54 N=299998 | generic C=240185 r=54 N=299999 OK
bias0.8_300k     LZ78Y    binary C=240173 r=54 N=299983 | generic C=240173 r=54 N=299984 OK
bias0.8_300k     Lag      binary C=204260 r=41 N=299999 | generic C=204260 r=41 N=300000 OK
bias0.8_300k     MultiMCW binary C=240138 r=54 N=299937 | generic C=240138 r=54 N=299938 OK
sticky_300k      MultiMMC binary C=269933 r=125 N=299998 | generic C=269933 r=125 N=299999 OK
sticky_300k      LZ78Y    binary C=269920 r=125 N=299983 | generic C=269920 r=125 N=299984 OK
sticky_300k      Lag      binary C=269934 r=125 N=299999 | generic C=269934 r=125 N=300000 OK
sticky_300k      MultiMCW binary C=170886 r=126 N=299937 | generic C=170886 r=126 N=299938 OK
per97noise_300k  MultiMMC binary C=286159 r=424 N=299998 | generic C=286159 r=424 N=299999 OK
per97noise_300k  LZ78Y    binary C=157353 r=11 N=299983 | generic C=157353 r=11 N=299984 OK
per97noise_300k  Lag      binary C=288058 r=337 N=299999 | generic C=288058 r=337 N=300000 OK
per97noise_300k  MultiMCW binary C=156840 r=11 N=299937 | generic C=156840 r=11 N=299938 OK
lfsr16_300k      MultiMMC binary C=234271 r=170056 N=299998 | generic C=234271 r=170056 N=299999 OK
lfsr16_300k      LZ78Y    binary C=148799 r=16 N=299983 | generic C=148799 r=16 N=299984 OK
lfsr16_300k      Lag      binary C=145503 r=12 N=299999 | generic C=145503 r=12 N=300000 OK
lfsr16_300k      MultiMCW binary C=149681 r=17 N=299937 | generic C=149681 r=17 N=299938 OK
tiny_ties_50k    MultiMMC binary C=44896 r=60 N=49998 | generic C=44896 r=60 N=49999 OK
tiny_ties_50k    LZ78Y    binary C=29943 r=5 N=49983 | generic C=29943 r=5 N=49984 OK
tiny_ties_50k    Lag      binary C=44995 r=75 N=49999 | generic C=44995 r=75 N=50000 OK
tiny_ties_50k    MultiMCW binary C=23583 r=5 N=49937 | generic C=23583 r=5 N=49938 OK
fill_then_per    MultiMMC binary C=269003 r=140638 N=395498 | generic C=269003 r=140638 N=395499 OK
fill_then_per    LZ78Y    binary C=201372 r=19 N=395483 | generic C=201372 r=19 N=395484 OK
fill_then_per    Lag      binary C=269466 r=143377 N=395499 | generic C=269466 r=143377 N=395500 OK
fill_then_per    MultiMCW binary C=201568 r=19 N=395437 | generic C=201568 r=19 N=395438 OK
