w2.bin lit mcw  tool C=9460 r=5 N=39937 H=2 | ref C=9460 r=5 N=39937 OK
w2.bin lit lag  tool C=10960 r=11 N=39999 H=1.8377835001128975 | ref C=10960 r=11 N=39999 OK
w2.bin lit mmc  tool C=15918 r=11 N=39998 H=1.3065939267178452 | ref C=15918 r=11 N=39998 OK
w2.bin lit lz   tool C=15920 r=11 N=39983 H=1.3058766705708145 | ref C=15920 r=11 N=39983 OK
w2.bin bit mcw  tool C=39527 r=11 N=79937 H=1 | ref C=39527 r=11 N=79937 OK
w2.bin bit lag  tool C=42096 r=21 N=79999 H=0.91388518664598106 | ref C=42096 r=21 N=79999 OK
w2.bin bit mmc  tool C=49094 r=17 N=79998 H=0.69403037153652813 | ref C=49094 r=17 N=79998 OK
w2.bin bit lz   tool C=39878 r=11 N=79983 H=0.990982805081841 | ref C=39878 r=11 N=79983 OK
w3.bin lit mcw  tool C=4689 r=4 N=39937 H=3 | ref C=4689 r=4 N=39937 OK
w3.bin lit lag  tool C=5281 r=7 N=39999 H=2.8742084373487575 | ref C=5281 r=7 N=39999 OK
w3.bin lit mmc  tool C=13874 r=9 N=39998 H=1.5022693092918411 | ref C=13874 r=9 N=39998 OK
w3.bin lit lz   tool C=13875 r=9 N=39983 H=1.5016280668663173 | ref C=13875 r=9 N=39983 OK
w3.bin bit mcw  tool C=59112 r=15 N=119937 H=1 | ref C=59112 r=15 N=119937 OK
w3.bin bit lag  tool C=60217 r=20 N=119999 H=0.98413021245595056 | ref C=60217 r=20 N=119999 OK
w3.bin bit mmc  tool C=75869 r=30 N=119998 H=0.65326948180058197 | ref C=75869 r=30 N=119998 OK
w3.bin bit lz   tool C=60037 r=14 N=119983 H=0.98822561719500024 | ref C=60037 r=14 N=119983 OK
w4.bin lit mcw  tool C=2348 r=3 N=39937 H=4 | ref C=2348 r=3 N=39937 OK
w4.bin lit lag  tool C=2548 r=7 N=39999 H=3.1065767235618096 | ref C=2548 r=7 N=39999 OK
w4.bin lit mmc  tool C=12995 r=9 N=39998 H=1.5954315889838913 | ref C=12995 r=9 N=39998 OK
w4.bin lit lz   tool C=12984 r=9 N=39983 H=1.5960980561191318 | ref C=12984 r=9 N=39983 OK
w4.bin bit mcw  tool C=79410 r=16 N=159937 H=1 | ref C=79410 r=16 N=159937 OK
w4.bin bit lag  tool C=79881 r=28 N=159999 H=0.81094527723391174 | ref C=79881 r=28 N=159999 OK
w4.bin bit mmc  tool C=106389 r=26 N=159998 H=0.58212503725846854 | ref C=106389 r=26 N=159998 OK
w4.bin bit lz   tool C=79682 r=14 N=159983 H=0.99629598500847671 | ref C=79682 r=14 N=159983 OK
w5.bin lit mcw  tool C=1082 r=3 N=39937 H=5 | ref C=1082 r=3 N=39937 OK
w5.bin lit lag  tool C=1284 r=5 N=39999 H=4.3705322125396826 | ref C=1284 r=5 N=39999 OK
w5.bin lit mmc  tool C=12515 r=9 N=39998 H=1.6489934508231432 | ref C=12515 r=9 N=39998 OK
w5.bin lit lz   tool C=12512 r=9 N=39983 H=1.648795778553906 | ref C=12512 r=9 N=39983 OK
w5.bin bit mcw  tool C=100546 r=16 N=199937 H=0.98345037372037258 | ref C=100546 r=16 N=199937 OK
w5.bin bit lag  tool C=108589 r=17 N=199999 H=0.87351089688348993 | ref C=108589 r=17 N=199999 OK
w5.bin bit mmc  tool C=137005 r=35 N=199998 H=0.54013347052935001 | ref C=137005 r=35 N=199998 OK
w5.bin bit lz   tool C=100287 r=16 N=199983 H=0.98748107667082596 | ref C=100287 r=16 N=199983 OK
w6.bin lit mcw  tool C=564 r=3 N=39937 H=5.9983266325789053 | ref C=564 r=3 N=39937 OK
w6.bin lit lag  tool C=646 r=5 N=39999 H=4.3705322125396826 | ref C=646 r=5 N=39999 OK
w6.bin lit mmc  tool C=11966 r=8 N=39998 H=1.712823530077527 | ref C=11966 r=8 N=39998 OK
w6.bin lit lz   tool C=11965 r=8 N=39983 H=1.7124035322369879 | ref C=11965 r=8 N=39983 OK
w6.bin bit mcw  tool C=122573 r=18 N=239937 H=0.96160987172230639 | ref C=122573 r=18 N=239937 OK
w6.bin bit lag  tool C=139703 r=16 N=239999 H=0.77425239440723426 | ref C=139703 r=16 N=239999 OK
w6.bin bit mmc  tool C=165047 r=39 N=239998 H=0.53504270553317246 | ref C=165047 r=39 N=239998 OK
w6.bin bit lz   tool C=119903 r=17 N=239983 H=0.99349294599672133 | ref C=119903 r=17 N=239983 OK
w7.bin lit mcw  tool C=297 r=3 N=39937 H=6.8708536354028888 | ref C=297 r=3 N=39937 OK
w7.bin lit lag  tool C=375 r=4 N=39999 H=5.4728315822214819 | ref C=375 r=4 N=39999 OK
w7.bin lit mmc  tool C=11714 r=8 N=39998 H=1.7431059392402217 | ref C=11714 r=8 N=39998 OK
w7.bin lit lz   tool C=11715 r=8 N=39983 H=1.7424455531496814 | ref C=11715 r=8 N=39983 OK
w7.bin bit mcw  tool C=144476 r=18 N=279937 H=0.9474873281427848 | ref C=144476 r=18 N=279937 OK
w7.bin bit lag  tool C=170691 r=16 N=279999 H=0.70842562037946166 | ref C=170691 r=16 N=279999 OK
w7.bin bit mmc  tool C=193101 r=25 N=279998 H=0.5313574323856598 | ref C=193101 r=25 N=279998 OK
w7.bin bit lz   tool C=139936 r=18 N=279983 H=0.99356327823905177 | ref C=139936 r=18 N=279983 OK
w8.bin lit mcw  tool C=136 r=2 N=39937 H=7.910500961629471 | ref C=136 r=2 N=39937 OK
w8.bin lit lag  tool C=165 r=4 N=39999 H=5.4728315822214819 | ref C=165 r=4 N=39999 OK
w8.bin lit mmc  tool C=11157 r=11 N=39998 H=1.8124087301964873 | ref C=11157 r=11 N=39998 OK
w8.bin lit lz   tool C=11169 r=11 N=39983 H=1.8103406623659366 | ref C=11169 r=11 N=39983 OK
w8.bin bit mcw  tool C=166094 r=18 N=319937 H=0.93947872188172787 | ref C=166094 r=18 N=319937 OK
w8.bin bit lag  tool C=202200 r=19 N=319999 H=0.65727893250485547 | ref C=202200 r=19 N=319999 OK
w8.bin bit mmc  tool C=220115 r=30 N=319998 H=0.53538693000196369 | ref C=220115 r=30 N=319998 OK
w8.bin bit lz   tool C=160331 r=20 N=319983 H=0.99040118939129274 | ref C=160331 r=20 N=319983 OK
