1 0 1
1 1e-300 1
1 1e-10 0.99999202115439212
1 0.5 0.47950012218695337
1 1 0.31731050786291404
1 0.5 0.47950012218695337
1 1 0.31731050786291404
1 5.3699199077328634 0.020486918240627351
1 6.6568542494923806 0.0098775132055507232
1 15.142135623730951 9.9712787188562988e-05
1 52 5.550063481222694e-13
1 1010 1.2040293624008206e-221
1 1000000 0
1 1000000000 0
1 1.0000000000000001e+300 0
1 inf -nan
2 0 1
2 1e-300 1
2 1e-10 0.99999999995
2 0.5 0.77880078307140488
2 1 0.60653065971263342
2 1 0.60653065971263342
2 2 0.36787944117144233
2 8.1799999999999997 0.016739233558580636
2 10 0.0067379469990854679
2 22 1.6701700790245663e-05
2 54 1.8795288165390832e-12
2 1020 3.2345526845350808e-222
2 1000000 0
2 1000000000 0
2 1.0000000000000001e+300 0
2 inf -nan
6 0 1
6 1e-300 1
6 1e-10 1
6 0.5 0.99783850331023749
6 1 0.98561232203302929
6 3 0.80884683053805817
6 6 0.42319008112684364
6 16.704073990775662 0.010434611533197618
6 19.856406460551018 0.0029371426399812809
6 40.641016151377542 3.4074927205830131e-07
6 62 1.7642695180908676e-11
6 1060 9.3990763627070465e-226
6 1000000 0
6 1000000000 0
6 1.0000000000000001e+300 0
6 inf -nan
9 0 1
9 1e-300 1
9 1e-10 1
9 0.5 0.99996956625883893
9 1 0.99943750269783249
9 4.5 0.87553902529833783
9 9 0.43727418891386738
9 22.109759723198589 0.0085375505642912505
9 25.970562748477139 0.002065768614843384
9 51.426406871192846 5.8016281201046918e-08
9 68 3.7512383720540237e-11
9 1090 6.6687393708643914e-229
9 1000000 0
9 1000000000 0
9 1.0000000000000001e+300 0
9 inf -nan
14 0 1
14 1e-300 1
14 1e-10 1
14 0.5 0.99999999026547814
14 1 0.99999899762039712
14 7 0.93471190297104634
14 14 0.44971105584869842
14 30.35074310237917 0.0068264266758577838
14 35.166010488516726 0.0013891013279472883
14 66.915026221291811 6.948204411289501e-09
14 78 6.6357167917704509e-11
14 1140 1.363482417476864e-234
14 1000000 0
14 1000000000 0
14 1.0000000000000001e+300 0
14 inf -nan
30 0 1
30 1e-300 1
30 1e-10 1
30 0.5 1
30 1 1
30 15 0.98973957208765739
30 30 0.46565370894400848
30 53.935037079561837 0.0046746480922624832
30 60.983866769659336 0.00069866778597514904
30 107.45966692414834 1.1899683901654914e-10
30 110 4.5989760183335482e-11
30 1300 1.4401464619041341e-254
30 1000000 0
30 1000000000 0
30 1.0000000000000001e+300 0
30 inf -nan
62 0 1
62 1e-300 1
62 1e-10 1
62 0.5 1
62 1 1
62 31 0.99966010922383652
62 62 0.47611197981212799
62 96.408783762289531 0.0033593394358499783
62 106.54211490264018 0.00037612063042705455
62 173.35528725660043 1.7806833374279496e-12
62 174 1.4392778331962844e-12
62 1620 1.171464705252931e-297
62 1000000 0
62 1000000000 0
62 1.0000000000000001e+300 0
62 inf -nan
126 0 1
126 1e-300 1
126 1e-10 1
126 0.5 1
126 1 1
126 63 0.99999949349571671
126 126 0.4832445740742653
126 175.05222930713751 0.0025409845983064114
126 189.49803146555018 0.00021921858847343779
126 284.74507866387546 2.6746072791294421e-14
126 302 1.7641216949239322e-16
126 2260 0
126 1000000 0
126 1000000000 0
126 1.0000000000000001e+300 0
126 inf -nan
254 0 1
254 1e-300 1
254 1e-10 1
254 0.5 1
254 1 1
254 127 0.99999999999845068
254 254 0.4881993585791341
254 323.6450629980331 0.00202286325042651
254 344.15542135667715 0.0001392982520193202
254 479.38855339169288 4.8269057039809457e-16
254 558 7.2687076161176394e-25
254 3540 0
254 1000000 0
254 1000000000 0
254 1.0000000000000001e+300 0
254 inf -nan
510 0 1
510 1e-300 1
510 1e-10 1
510 0.5 1
510 1 1
510 255 1
510 510 0.49167224193609549
510 608.6866860321087 0.0016887872626618441
510 637.74975538137051 9.645063861557504e-05
510 829.37438845342626 1.2407349495911456e-17
510 1070 6.5158185197379577e-42
510 6100 0
510 1000000 0
510 1000000000 0
510 1.0000000000000001e+300 0
510 inf -nan
1022 0 1
1022 1e-300 1
1022 1e-10 1
1022 0.5 1
1022 1 1
1022 511 1
1022 1022 0.49411721384039775
1022 1161.7008103054525 0.0014694833008567886
1022 1202.8424728873169 7.2255413491252907e-05
1022 1474.1061822182926 5.1279537097096209e-19
1022 2094 4.2869218170690603e-76
1022 11220 0
1022 1000000 0
1022 1000000000 0
1022 1.0000000000000001e+300 0
1022 inf -nan
2046 0 1
2046 1e-300 1
2046 1e-10 1
2046 0.5 1
2046 1 1
2046 1023 1
2046 2046 0.49584229810340191
2046 2243.6634139136527 0.0013231559617004143
2046 2301.8749694675116 5.7919800934919589e-05
2046 2685.687423668779 3.5996237390757655e-20
2046 4142 1.9655595388008035e-144
2046 21460 0
2046 1000000 0
2046 1000000000 0
2046 1.0000000000000001e+300 0
2046 inf -nan
2295 0 1
2295 1e-300 1
2295 1e-10 1
2295 0.5 1
2295 1 1
2295 1147.5 1
2295 2295 0.49607432300903487
2295 2504.3460747183954 0.0013040229156187676
2295 2565.9981549752692 5.615494679060269e-05
2295 2972.4953874381727 2.4410917166643927e-20
2295 4640 4.8070384413619954e-161
2295 23950 0
2295 1000000 0
2295 1000000000 0
2295 1.0000000000000001e+300 0
2295 inf -nan
2295 0 1
2295 1e-300 1
2295 1e-10 1
2295 0.5 1
2295 1 1
2295 1147.5 1
2295 2295 0.49607432300903487
2295 2504.3460747183954 0.0013040229156187676
2295 2565.9981549752692 5.615494679060269e-05
2295 2972.4953874381727 2.4410917166643927e-20
2295 4640 4.8070384413619954e-161
2295 23950 0
2295 1000000 0
2295 1000000000 0
2295 1.0000000000000001e+300 0
2295 inf -nan
65280 0 1
65280 1e-300 1
65280 1e-10 1
65280 0.5 1
65280 1 1
65280 32640 1
65280 65280 0.49926393900070765
65280 66396.512398498104 0.0010546336101824652
65280 66725.323493201431 3.5531763224339979e-05
65280 68893.308733003592 4.4786298634285084e-23
65280 130610 0
65280 653800 0
65280 1000000 0
65280 1000000000 0
65280 1.0000000000000001e+300 0
65280 inf -nan
100000 0 1
100000 1e-300 1
100000 1e-10 1
100000 0.5 1
100000 1 1
100000 50000 1
100000 100000 0.49940529188596611
100000 101381.89001009487 0.001044182401091736
100000 101788.85438199983 3.476579212684957e-05
100000 104472.13595499958 3.2225621614995975e-23
100000 200050 0
100000 1001000 0
100000 1000000 0
100000 1000000000 0
100000 1.0000000000000001e+300 0
100000 inf -nan
0 5 1
-2 5 1
9 -nan -nan
