Opening file: 'db256_3.bin' (SHA-256 hash c5484038e515140d61342778212f0e44d8ecf3009ce66e02d81af0cfae1e50f2)
Loaded 1000000 samples made up of 256 distinct 8-bit-wide symbols.
H_I: 0.500000
ALPHA: 5.0251553006530614e-06, X_cutoff: 770
X_max: 589

Restart Sanity Check Passed...

Running non-IID tests...

Running Most Common Value Estimate...
Literal Most Common Value Estimate: Mode count = 65536
Literal Most Common Value Estimate: p-hat = 0.065535999999999997
Literal Most Common Value Estimate: p_u = 0.066173438880253718
Literal Most Common Value Estimate: min entropy = 3.9176039347542009
	Most Common Value Estimate (Rows) = 3.917604 / 8 bit(s)
Literal Most Common Value Estimate: Mode count = 65536
Literal Most Common Value Estimate: p-hat = 0.065535999999999997
Literal Most Common Value Estimate: p_u = 0.066173438880253718
Literal Most Common Value Estimate: min entropy = 3.9176039347542009
	Most Common Value Estimate (Cols) = 3.917604 / 8 bit(s)

Running Tuple Estimates...
Literal t-Tuple Estimate: t = 2
Literal t-Tuple Estimate: p-hat_max = 0.06553600000000000000238
Literal t-Tuple Estimate: p_u = 0.06617343888025372645697
Literal t-Tuple Estimate: min entropy = 3.9176039347542004
LRS Estimate: v<u. Can't Run LRS Test.
Literal t-Tuple Estimate: t = 3
Literal t-Tuple Estimate: p-hat_max = 0.06553600000000000000238
Literal t-Tuple Estimate: p_u = 0.06617343888025372645697
Literal t-Tuple Estimate: min entropy = 3.9176039347542004
Literal LRS Estimate: u = 4
Literal LRS Estimate: v = 4
Literal LRS Estimate: p-hat = 0.001565087318978589891773
Literal LRS Estimate: p_u = 0.001666910453544816852043
Literal LRS Estimate: min entropy = 9.2286076798559069
	T-Tuple Test Estimate (Rows) = 3.917604 / 8 bit(s)
	T-Tuple Test Estimate (Cols) = 3.917604 / 8 bit(s)
	LRS Test Estimate (Rows) = -1.000000 / 8 bit(s)
	LRS Test Estimate (Cols) = 9.228608 / 8 bit(s)

Running Predictor Estimates...
Literal MultiMCW Prediction Estimate: C = 333116
Literal MultiMCW Prediction Estimate: r = 3
Literal MultiMCW Prediction Estimate: N = 999937
Literal MultiMCW Prediction Estimate: P_global = 0.3331369876302207
Literal MultiMCW Prediction Estimate: P_global' = 0.33435110513187849
Literal MultiMCW Prediction Estimate: P_local can't change the result.
Literal MultiMCW Prediction Estimate: min entropy = 1.5805642090156899
	Multi Most Common in Window (MultiMCW) Prediction Test Estimate (Rows) = 1.580564 / 8 bit(s)
Literal MultiMCW Prediction Estimate: C = 305075
Literal MultiMCW Prediction Estimate: r = 2
Literal MultiMCW Prediction Estimate: N = 999937
Literal MultiMCW Prediction Estimate: P_global = 0.30509422093591898
Literal MultiMCW Prediction Estimate: P_global' = 0.3062802925982262
Literal MultiMCW Prediction Estimate: P_local can't change the result.
Literal MultiMCW Prediction Estimate: min entropy = 1.7070755542172236
	Multi Most Common in Window (MultiMCW) Prediction Test Estimate (Cols) = 1.707076 / 8 bit(s)
Literal Lag Prediction Estimate: C = 665337
Literal Lag Prediction Estimate: r = 3
Literal Lag Prediction Estimate: N = 999999
Literal Lag Prediction Estimate: P_global = 0.66533766533766536
Literal Lag Prediction Estimate: P_global' = 0.66655312902074326
Literal Lag Prediction Estimate: P_local can't change the result.
Literal Lag Prediction Estimate: min entropy = 0.58520822194379885
	Lag Prediction Test Estimate (Rows) = 0.585208 / 8 bit(s)
Literal Lag Prediction Estimate: C = 338362
Literal Lag Prediction Estimate: r = 4
Literal Lag Prediction Estimate: N = 999999
Literal Lag Prediction Estimate: P_global = 0.33836233836233837
Literal Lag Prediction Estimate: P_global' = 0.33958109959599275
Literal Lag Prediction Estimate: P_local can't change the result.
Literal Lag Prediction Estimate: min entropy = 1.5581719312789366
	Lag Prediction Test Estimate (Cols) = 1.558172 / 8 bit(s)
Literal MultiMMC Prediction Estimate: C = 65279
Literal MultiMMC Prediction Estimate: r = 2
Literal MultiMMC Prediction Estimate: N = 999998
Literal MultiMMC Prediction Estimate: P_global = 0.065279130558261123
Literal MultiMMC Prediction Estimate: P_global' = 0.065915407055234881
Literal MultiMMC Prediction Estimate: P_local can't change the result.
Literal MultiMMC Prediction Estimate: min entropy = 3.9232404698489476
	Multi Markov Model with Counting (MultiMMC) Prediction Test Estimate (Rows) = 3.923240 / 8 bit(s)
Literal MultiMMC Prediction Estimate: C = 41391
Literal MultiMMC Prediction Estimate: r = 4
Literal MultiMMC Prediction Estimate: N = 999998
Literal MultiMMC Prediction Estimate: P_global = 0.041391082782165564
Literal MultiMMC Prediction Estimate: P_global' = 0.041904170781618823
Literal MultiMMC Prediction Estimate: P_local can't change the result.
Literal MultiMMC Prediction Estimate: min entropy = 4.5767623452176487
	Multi Markov Model with Counting (MultiMMC) Prediction Test Estimate (Cols) = 4.576762 / 8 bit(s)
Literal LZ78Y Prediction Estimate: C = 65277
Literal LZ78Y Prediction Estimate: r = 3
Literal LZ78Y Prediction Estimate: N = 999983
Literal LZ78Y Prediction Estimate: P_global = 0.06527810972786538
Literal LZ78Y Prediction Estimate: P_global' = 0.065914386369346809
Literal LZ78Y Prediction Estimate: P_local can't change the result.
Literal LZ78Y Prediction Estimate: min entropy = 3.9232628098440401
	LZ78Y Prediction Test Estimate (Rows) = 3.923263 / 8 bit(s)
Literal LZ78Y Prediction Estimate: C = 41247
Literal LZ78Y Prediction Estimate: r = 4
Literal LZ78Y Prediction Estimate: N = 999983
Literal LZ78Y Prediction Estimate: P_global = 0.041247701210920584
Literal LZ78Y Prediction Estimate: P_global' = 0.041759941899093385
Literal LZ78Y Prediction Estimate: P_local can't change the result.
Literal LZ78Y Prediction Estimate: min entropy = 4.5817364850974869
	LZ78Y Prediction Test Estimate (Cols) = 4.581736 / 8 bit(s)

H_r: -1.000000
H_c: 1.558172
H_I: 0.500000

*** min(H_r, H_c) < H_I/2, Validation Testing Failed ***

real	0m59.324s
user	0m54.488s
sys	0m0.335s
