Opening file: 'nib_dup_bits1e6.bin' (SHA-256 hash 097b5c88b21280ff41d094beac490f92fef75aa3ac1605fe3922b2f9fb227fae)
Loaded 1000000 samples of 2 distinct 1-bit-wide symbols
Raw Mean = 0.49978
Median = 0.5
Binary = true
H_original = 0.99565562418365394
Assessed min entropy: 0.99565562418365394
igamc: UNDERFLOW
Chi square independence: T = 330211.83704426914
Chi square independence: df = 2046
Chi square independence: P-value = 0
Chi square goodness of fit: T = 29.441285699832914
Chi square goodness of fit: df = 9
Chi square goodness of fit: P-value = 0.00054579015000770612
Chi square tests: Failed
Literal Longest Repeated Substring results: P_col = 0.5000000967999999999954
Literal Longest Repeated Substring results: W = 67
Literal Longest Repeated Substring results: Pr(X >= 1) = 3.387725119310611154866e-09
Length of longest repeated substring test: Failed
Permutation testing: Unpermuted result excursion = 587.5082000000018069841
Permutation testing: Unpermuted result numDirectionalRuns = 76348
Permutation testing: Unpermuted result lenDirectionalRuns = 13
Permutation testing: Unpermuted result numIncreasesDecreases = 79531
Permutation testing: Unpermuted result numRunsMedian = 500168
Permutation testing: Unpermuted result lenRunsMedian = 36
Permutation testing: Unpermuted result avgCollision = 5.693677689714858658476
Permutation testing: Unpermuted result maxCollision = 15
Permutation testing: Unpermuted result periodicity(1) = 34066
Permutation testing: Unpermuted result periodicity(2) = 34292
Permutation testing: Unpermuted result periodicity(8) = 33952
Permutation testing: Unpermuted result periodicity(16) = 34339
Permutation testing: Unpermuted result periodicity(32) = 34234
Permutation testing: Unpermuted result covariance(1) = 1996460
Permutation testing: Unpermuted result covariance(2) = 1998504
Permutation testing: Unpermuted result covariance(8) = 1996820
Permutation testing: Unpermuted result covariance(16) = 1997104
Permutation testing: Unpermuted result covariance(32) = 1997116
Permutation testing: Unpermuted result compression = 92097
