Opening file: 'nib_dup.bin' (SHA-256 hash 4f043adf8eafe4ed8667b16e99c19dabdfe57c1a49cd46deca7d02ffb6e2fc25)
Loaded 1000000 samples of 16 distinct 8-bit-wide symbols
Number of Binary Symbols: 8000000

Symbols have been translated.

Running non-IID tests...

Running Most Common Value Estimate...
Bitstring MCV Estimate: mode = 4000130, p-hat = 0.50001625000000005, p_u = 0.5004715966201484
	Most Common Value Estimate (bit string) = 0.998640 / 1 bit(s)

Running Entropic Statistic Estimates (bit strings only)...
Bitstring Collision Estimate: X-bar = 2.4431666004466721, sigma-hat = 0.49675953947332641, p = 0.66961798601215183
	Collision Test Estimate (bit string) = 0.578590 / 1 bit(s)
Bitstring Markov Estimate: P_0 = 0.49998375, P_1 = 0.50001625000000005, P_0,0 = 0.50020325660583964, P_0,1 = 0.49979674339416036, P_1,0 = 0.49976438259866118, P_1,1 = 0.50023561740133882, p_max = 3.1200366170387159e-39
	Markov Test Estimate (bit string) = 0.999325 / 1 bit(s)
Bitstring Compression Estimate: X-bar = 4.8181277898594415, sigma-hat = 1.1606267236202956, p = 0.18672128139690111
	Compression Test Estimate (bit string) = 0.403507 / 1 bit(s)

Running Tuple Estimates...
Bitstring t-Tuple Estimate: t = 33, p-hat_max = 0.694643876688324118907, p_u = 0.6950633038347965854896
Bitstring LRS Estimate: u = 34, v = 75, p-hat = 0.67685936378750769, p_u = 0.67728527308603759
	T-Tuple Test Estimate (bit string) = 0.524784 / 1 bit(s)
	LRS Test Estimate (bit string) = 0.562164 / 1 bit(s)

Running Predictor Estimates...
Bitstring MultiMCW Prediction Estimate: N = 7999937, Pglobal' = 0.51382572837067586 (C = 4106932) Plocal = 0.58865647335523852 (r = 37)
	Multi Most Common in Window (MultiMCW) Prediction Test Estimate (bit string) = 0.764502 / 1 bit(s)
Bitstring Lag Prediction Estimate: N = 7999999, Pglobal' = 0.75018866862788602 (C = 5998353) Plocal can't affect result (r = 45)
	Lag Prediction Test Estimate (bit string) = 0.414675 / 1 bit(s)
Bitstring MultiMMC Prediction Estimate: N = 7999998, Pglobal' = 0.75023861114161849 (C = 5998752) Plocal can't affect result (r = 45)
	Multi Markov Model with Counting (MultiMMC) Prediction Test Estimate (bit string) = 0.414579 / 1 bit(s)
Bitstring LZ78Y Prediction Estimate: N = 7999983, Pglobal' = 0.50050640971032889 (C = 4000400) Plocal = 0.62113438271815324 (r = 41)
	LZ78Y Prediction Test Estimate (bit string) = 0.687023 / 1 bit(s)

h': 0.403507

real	0m16.034s
user	0m4.588s
sys	0m0.082s
