Opening file: 'nibdup.bin' (SHA-256 hash 4f043adf8eafe4ed8667b16e99c19dabdfe57c1a49cd46deca7d02ffb6e2fc25)
Loaded 1000000 samples of 16 distinct 8-bit-wide symbols
Number of Binary samples: 8000000

Samples have been translated
Calculating baseline statistics...
	Raw Mean: 127.557987
	Median: 8.000000
	Binary: false

Bitstring MCV Estimate: mode = 4000130, p-hat = 0.50001625000000005, p_u = 0.5004715966201484
h': 0.998640
Chi square independence
	score = 291.754474
	degrees of freedom = 240
	p-value = 0.012514

Chi square goodness of fit
	score = 130.884476
	degrees of freedom = 135
	p-value = 0.584088

** Passed chi square tests

Literal Longest Repeated Substring results
	P_col: 0.062501
	Length of LRS: 9
	Pr(X >= 1): 0.999308
** Passed length of longest repeated substring test

Beginning initial tests...

Initial test results
              excursion: 54839.8
     numDirectionalRuns: 663907
     lenDirectionalRuns: 10
  numIncreasesDecreases: 530788
          numRunsMedian: 500380
          lenRunsMedian: 19
           avgCollision: 5.71268
           maxCollision: 15
         periodicity(1): 61931
         periodicity(2): 62603
         periodicity(8): 62170
        periodicity(16): 62452
        periodicity(32): 62353
          covariance(1): 1.62654e+10
          covariance(2): 1.62779e+10
          covariance(8): 1.6277e+10
         covariance(16): 1.62713e+10
         covariance(32): 1.62633e+10
            compression: 544575

Beginning permutation tests... these may take some time
  0.01% of Permutation test rounds,   0.00% of Permutation tests (Core 1/1, passed_count 0)
  0.02% of Permutation test rounds,   0.00% of Permutation tests (Core 0/1, passed_count 0)
  0.03% of Permutation test rounds,   0.00% of Permutation tests (Core 0/1, passed_count 0)
  0.04% of Permutation test rounds,   0.00% of Permutation tests (Core 1/1, passed_count 0)
  0.05% of Permutation test rounds,   0.00% of Permutation tests (Core 0/1, passed_count 0)
  0.06% of Permutation test rounds,   0.00% of Permutation tests (Core 1/1, passed_count 0)
  0.07% of Permutation test rounds,   0.00% of Permutation tests (Core 0/1, passed_count 0)
  0.08% of Permutation test rounds,   0.00% of Permutation tests (Core 1/1, passed_count 0)
  0.09% of Permutation test rounds,   0.00% of Permutation tests (Core 0/1, passed_count 0)
  0.10% of Permutation test rounds,   0.00% of Permutation tests (Core 1/1, passed_count 0)
  0.11% of Permutation test rounds,   5.26% of Permutation tests (Core 0/1, passed_count 1)
  0.12% of Permutation test rounds,  10.53% of Permutation tests (Core 1/1, passed_count 2)
  0.13% of Permutation test rounds,  10.53% of Permutation tests (Core 0/1, passed_count 2)
  0.14% of Permutation test rounds,  10.53% of Permutation tests (Core 1/1, passed_count 2)
  0.15% of Permutation test rounds,  10.53% of Permutation tests (Core 0/1, passed_count 2)
  0.16% of Permutation test rounds,  15.79% of Permutation tests (Core 1/1, passed_count 3)
  0.17% of Permutation test rounds,  21.05% of Permutation tests (Core 0/1, passed_count 4)
  0.18% of Permutation test rounds,  31.58% of Permutation tests (Core 1/1, passed_count 6)
  0.19% of Permutation test rounds,  31.58% of Permutation tests (Core 0/1, passed_count 6)
  0.20% of Permutation test rounds,  36.84% of Permutation tests (Core 1/1, passed_count 7)
  0.21% of Permutation test rounds,  36.84% of Permutation tests (Core 0/1, passed_count 7)
  0.22% of Permutation test rounds,  42.11% of Permutation tests (Core 1/1, passed_count 8)
  0.23% of Permutation test rounds,  42.11% of Permutation tests (Core 0/1, passed_count 8)
  0.24% of Permutation test rounds,  42.11% of Permutation tests (Core 1/1, passed_count 8)
  0.25% of Permutation test rounds,  47.37% of Permutation tests (Core 0/1, passed_count 9)
  0.26% of Permutation test rounds,  52.63% of Permutation tests (Core 1/1, passed_count 10)
  0.27% of Permutation test rounds,  52.63% of Permutation tests (Core 0/1, passed_count 10)
  0.28% of Permutation test rounds,  52.63% of Permutation tests (Core 1/1, passed_count 10)
  0.29% of Permutation test rounds,  52.63% of Permutation tests (Core 0/1, passed_count 10)
  0.30% of Permutation test rounds,  52.63% of Permutation tests (Core 1/1, passed_count 10)
  0.31% of Permutation test rounds,  52.63% of Permutation tests (Core 0/1, passed_count 10)
  0.32% of Permutation test rounds,  52.63% of Permutation tests (Core 1/1, passed_count 10)
  0.33% of Permutation test rounds,  63.16% of Permutation tests (Core 0/1, passed_count 12)
  0.34% of Permutation test rounds,  63.16% of Permutation tests (Core 1/1, passed_count 12)
  0.35% of Permutation test rounds,  63.16% of Permutation tests (Core 0/1, passed_count 12)
  0.36% of Permutation test rounds,  63.16% of Permutation tests (Core 1/1, passed_count 12)
  0.37% of Permutation test rounds,  63.16% of Permutation tests (Core 0/1, passed_count 12)
  0.38% of Permutation test rounds,  63.16% of Permutation tests (Core 1/1, passed_count 12)
  0.39% of Permutation test rounds,  63.16% of Permutation tests (Core 1/1, passed_count 12)
  0.40% of Permutation test rounds,  63.16% of Permutation tests (Core 0/1, passed_count 12)
  0.41% of Permutation test rounds,  63.16% of Permutation tests (Core 1/1, passed_count 12)
  0.42% of Permutation test rounds,  63.16% of Permutation tests (Core 0/1, passed_count 12)
  0.43% of Permutation test rounds,  63.16% of Permutation tests (Core 1/1, passed_count 12)
  0.44% of Permutation test rounds,  68.42% of Permutation tests (Core 0/1, passed_count 13)
  0.45% of Permutation test rounds,  68.42% of Permutation tests (Core 1/1, passed_count 13)
  0.46% of Permutation test rounds,  68.42% of Permutation tests (Core 0/1, passed_count 13)
  0.47% of Permutation test rounds,  68.42% of Permutation tests (Core 1/1, passed_count 13)
  0.48% of Permutation test rounds,  68.42% of Permutation tests (Core 0/1, passed_count 13)
  0.49% of Permutation test rounds,  68.42% of Permutation tests (Core 1/1, passed_count 13)
  0.50% of Permutation test rounds,  68.42% of Permutation tests (Core 0/1, passed_count 13)
  0.51% of Permutation test rounds,  68.42% of Permutation tests (Core 1/1, passed_count 13)
  0.52% of Permutation test rounds,  73.68% of Permutation tests (Core 0/1, passed_count 14)
  0.53% of Permutation test rounds,  73.68% of Permutation tests (Core 0/1, passed_count 14)
  0.54% of Permutation test rounds,  73.68% of Permutation tests (Core 1/1, passed_count 14)
  0.55% of Permutation test rounds,  73.68% of Permutation tests (Core 0/1, passed_count 14)
  0.56% of Permutation test rounds,  73.68% of Permutation tests (Core 1/1, passed_count 14)
  0.57% of Permutation test rounds,  73.68% of Permutation tests (Core 0/1, passed_count 14)
  0.58% of Permutation test rounds,  73.68% of Permutation tests (Core 1/1, passed_count 14)
  0.59% of Permutation test rounds,  73.68% of Permutation tests (Core 0/1, passed_count 14)
  0.60% of Permutation test rounds,  73.68% of Permutation tests (Core 1/1, passed_count 14)
  0.61% of Permutation test rounds,  78.95% of Permutation tests (Core 0/1, passed_count 15)
  0.62% of Permutation test rounds,  78.95% of Permutation tests (Core 0/1, passed_count 15)
  0.63% of Permutation test rounds,  78.95% of Permutation tests (Core 0/1, passed_count 15)
  0.64% of Permutation test rounds,  78.95% of Permutation tests (Core 0/1, passed_count 15)
  0.65% of Permutation test rounds,  78.95% of Permutation tests (Core 1/1, passed_count 15)
  0.66% of Permutation test rounds,  78.95% of Permutation tests (Core 0/1, passed_count 15)
  0.67% of Permutation test rounds,  78.95% of Permutation tests (Core 1/1, passed_count 15)
  0.68% of Permutation test rounds,  78.95% of Permutation tests (Core 0/1, passed_count 15)
  0.69% of Permutation test rounds,  78.95% of Permutation tests (Core 1/1, passed_count 15)
  0.70% of Permutation test rounds,  78.95% of Permutation tests (Core 0/1, passed_count 15)
  0.71% of Permutation test rounds,  78.95% of Permutation tests (Core 1/1, passed_count 15)
  0.72% of Permutation test rounds,  78.95% of Permutation tests (Core 0/1, passed_count 15)
  0.73% of Permutation test rounds,  78.95% of Permutation tests (Core 1/1, passed_count 15)
  0.74% of Permutation test rounds,  78.95% of Permutation tests (Core 0/1, passed_count 15)
  0.75% of Permutation test rounds,  78.95% of Permutation tests (Core 1/1, passed_count 15)
  0.76% of Permutation test rounds,  78.95% of Permutation tests (Core 0/1, passed_count 15)
  0.77% of Permutation test rounds,  78.95% of Permutation tests (Core 1/1, passed_count 15)
  0.78% of Permutation test rounds,  78.95% of Permutation tests (Core 0/1, passed_count 15)
  0.79% of Permutation test rounds,  78.95% of Permutation tests (Core 1/1, passed_count 15)
  0.80% of Permutation test rounds,  78.95% of Permutation tests (Core 0/1, passed_count 15)
  0.81% of Permutation test rounds,  78.95% of Permutation tests (Core 1/1, passed_count 15)
  0.82% of Permutation test rounds,  78.95% of Permutation tests (Core 0/1, passed_count 15)
  0.83% of Permutation test rounds,  78.95% of Permutation tests (Core 1/1, passed_count 15)
  0.84% of Permutation test rounds,  78.95% of Permutation tests (Core 0/1, passed_count 15)
  0.85% of Permutation test rounds,  78.95% of Permutation tests (Core 1/1, passed_count 15)
  0.86% of Permutation test rounds,  78.95% of Permutation tests (Core 0/1, passed_count 15)
  0.87% of Permutation test rounds,  78.95% of Permutation tests (Core 1/1, passed_count 15)
  0.88% of Permutation test rounds,  78.95% of Permutation tests (Core 0/1, passed_count 15)
  0.89% of Permutation test rounds,  78.95% of Permutation tests (Core 1/1, passed_count 15)
  0.90% of Permutation test rounds,  78.95% of Permutation tests (Core 0/1, passed_count 15)
  0.91% of Permutation test rounds,  78.95% of Permutation tests (Core 1/1, passed_count 15)
  0.92% of Permutation test rounds,  84.21% of Permutation tests (Core 0/1, passed_count 16)
  0.93% of Permutation test rounds,  84.21% of Permutation tests (Core 1/1, passed_count 16)
  0.94% of Permutation test rounds,  84.21% of Permutation tests (Core 0/1, passed_count 16)
  0.95% of Permutation test rounds,  84.21% of Permutation tests (Core 1/1, passed_count 16)
  0.96% of Permutation test rounds,  84.21% of Permutation tests (Core 0/1, passed_count 16)
  0.97% of Permutation test rounds,  84.21% of Permutation tests (Core 1/1, passed_count 16)
  0.98% of Permutation test rounds,  84.21% of Permutation tests (Core 0/1, passed_count 16)
  0.99% of Permutation test rounds,  84.21% of Permutation tests (Core 1/1, passed_count 16)
  1.00% of Permutation test rounds,  84.21% of Permutation tests (Core 0/1, passed_count 16)
  1.01% of Permutation test rounds,  84.21% of Permutation tests (Core 1/1, passed_count 16)
  1.02% of Permutation test rounds,  84.21% of Permutation tests (Core 0/1, passed_count 16)
  1.03% of Permutation test rounds,  84.21% of Permutation tests (Core 1/1, passed_count 16)
  1.04% of Permutation test rounds,  84.21% of Permutation tests (Core 0/1, passed_count 16)
  1.05% of Permutation test rounds,  84.21% of Permutation tests (Core 1/1, passed_count 16)
  1.06% of Permutation test rounds,  84.21% of Permutation tests (Core 0/1, passed_count 16)
  1.07% of Permutation test rounds,  84.21% of Permutation tests (Core 1/1, passed_count 16)
  1.08% of Permutation test rounds,  84.21% of Permutation tests (Core 0/1, passed_count 16)
  1.09% of Permutation test rounds,  84.21% of Permutation tests (Core 1/1, passed_count 16)
  1.10% of Permutation test rounds,  84.21% of Permutation tests (Core 0/1, passed_count 16)
  1.11% of Permutation test rounds,  84.21% of Permutation tests (Core 1/1, passed_count 16)
  1.12% of Permutation test rounds,  84.21% of Permutation tests (Core 0/1, passed_count 16)
  1.13% of Permutation test rounds,  84.21% of Permutation tests (Core 1/1, passed_count 16)
  1.14% of Permutation test rounds,  84.21% of Permutation tests (Core 0/1, passed_count 16)
  1.15% of Permutation test rounds,  84.21% of Permutation tests (Core 1/1, passed_count 16)
  1.16% of Permutation test rounds,  84.21% of Permutation tests (Core 0/1, passed_count 16)
  1.17% of Permutation test rounds,  84.21% of Permutation tests (Core 1/1, passed_count 16)
  1.18% of Permutation test rounds,  84.21% of Permutation tests (Core 0/1, passed_count 16)
  1.19% of Permutation test rounds,  84.21% of Permutation tests (Core 1/1, passed_count 16)
  1.20% of Permutation test rounds,  84.21% of Permutation tests (Core 0/1, passed_count 16)
  1.21% of Permutation test rounds,  84.21% of Permutation tests (Core 1/1, passed_count 16)
  1.22% of Permutation test rounds,  84.21% of Permutation tests (Core 0/1, passed_count 16)
  1.23% of Permutation test rounds,  84.21% of Permutation tests (Core 1/1, passed_count 16)
  1.24% of Permutation test rounds,  84.21% of Permutation tests (Core 0/1, passed_count 16)
  1.25% of Permutation test rounds,  84.21% of Permutation tests (Core 1/1, passed_count 16)
  1.26% of Permutation test rounds,  84.21% of Permutation tests (Core 0/1, passed_count 16)
  1.27% of Permutation test rounds,  84.21% of Permutation tests (Core 1/1, passed_count 16)
  1.28% of Permutation test rounds,  89.47% of Permutation tests (Core 0/1, passed_count 17)
  1.29% of Permutation test rounds,  89.47% of Permutation tests (Core 1/1, passed_count 17)
  1.30% of Permutation test rounds,  89.47% of Permutation tests (Core 0/1, passed_count 17)
  1.31% of Permutation test rounds,  89.47% of Permutation tests (Core 1/1, passed_count 17)
  1.32% of Permutation test rounds,  89.47% of Permutation tests (Core 0/1, passed_count 17)
  1.33% of Permutation test rounds,  89.47% of Permutation tests (Core 1/1, passed_count 17)
  1.34% of Permutation test rounds,  89.47% of Permutation tests (Core 0/1, passed_count 17)
  1.35% of Permutation test rounds,  89.47% of Permutation tests (Core 1/1, passed_count 17)
  1.36% of Permutation test rounds,  89.47% of Permutation tests (Core 0/1, passed_count 17)
  1.37% of Permutation test rounds,  89.47% of Permutation tests (Core 1/1, passed_count 17)
  1.38% of Permutation test rounds,  89.47% of Permutation tests (Core 0/1, passed_count 17)
  1.39% of Permutation test rounds,  89.47% of Permutation tests (Core 1/1, passed_count 17)
  1.40% of Permutation test rounds,  89.47% of Permutation tests (Core 0/1, passed_count 17)
  1.41% of Permutation test rounds,  89.47% of Permutation tests (Core 1/1, passed_count 17)
  1.42% of Permutation test rounds,  89.47% of Permutation tests (Core 0/1, passed_count 17)
  1.43% of Permutation test rounds,  89.47% of Permutation tests (Core 1/1, passed_count 17)
  1.44% of Permutation test rounds,  89.47% of Permutation tests (Core 0/1, passed_count 17)
  1.45% of Permutation test rounds,  89.47% of Permutation tests (Core 1/1, passed_count 17)
  1.46% of Permutation test rounds,  89.47% of Permutation tests (Core 0/1, passed_count 17)
  1.47% of Permutation test rounds,  89.47% of Permutation tests (Core 1/1, passed_count 17)
  1.48% of Permutation test rounds,  89.47% of Permutation tests (Core 0/1, passed_count 17)
  1.49% of Permutation test rounds,  89.47% of Permutation tests (Core 1/1, passed_count 17)
  1.50% of Permutation test rounds,  89.47% of Permutation tests (Core 0/1, passed_count 17)
  1.51% of Permutation test rounds,  89.47% of Permutation tests (Core 1/1, passed_count 17)
  1.52% of Permutation test rounds,  89.47% of Permutation tests (Core 0/1, passed_count 17)
  1.53% of Permutation test rounds,  89.47% of Permutation tests (Core 1/1, passed_count 17)
  1.54% of Permutation test rounds,  89.47% of Permutation tests (Core 0/1, passed_count 17)
  1.55% of Permutation test rounds,  89.47% of Permutation tests (Core 1/1, passed_count 17)
  1.56% of Permutation test rounds,  89.47% of Permutation tests (Core 0/1, passed_count 17)
  1.57% of Permutation test rounds,  89.47% of Permutation tests (Core 1/1, passed_count 17)
  1.58% of Permutation test rounds,  89.47% of Permutation tests (Core 0/1, passed_count 17)
  1.59% of Permutation test rounds,  89.47% of Permutation tests (Core 1/1, passed_count 17)
  1.60% of Permutation test rounds,  89.47% of Permutation tests (Core 0/1, passed_count 17)
  1.61% of Permutation test rounds,  89.47% of Permutation tests (Core 1/1, passed_count 17)
  1.62% of Permutation test rounds,  89.47% of Permutation tests (Core 0/1, passed_count 17)
  1.63% of Permutation test rounds,  89.47% of Permutation tests (Core 1/1, passed_count 17)
  1.64% of Permutation test rounds,  89.47% of Permutation tests (Core 0/1, passed_count 17)
  1.65% of Permutation test rounds,  89.47% of Permutation tests (Core 1/1, passed_count 17)
  1.66% of Permutation test rounds,  89.47% of Permutation tests (Core 0/1, passed_count 17)
  1.67% of Permutation test rounds,  89.47% of Permutation tests (Core 1/1, passed_count 17)
  1.68% of Permutation test rounds,  89.47% of Permutation tests (Core 0/1, passed_count 17)
  1.69% of Permutation test rounds,  89.47% of Permutation tests (Core 1/1, passed_count 17)
  1.70% of Permutation test rounds,  89.47% of Permutation tests (Core 0/1, passed_count 17)
  1.71% of Permutation test rounds,  89.47% of Permutation tests (Core 1/1, passed_count 17)
  1.72% of Permutation test rounds,  89.47% of Permutation tests (Core 0/1, passed_count 17)
  1.73% of Permutation test rounds,  89.47% of Permutation tests (Core 1/1, passed_count 17)
  1.74% of Permutation test rounds,  89.47% of Permutation tests (Core 0/1, passed_count 17)
  1.75% of Permutation test rounds,  89.47% of Permutation tests (Core 1/1, passed_count 17)
  1.76% of Permutation test rounds,  89.47% of Permutation tests (Core 0/1, passed_count 17)
  1.77% of Permutation test rounds,  89.47% of Permutation tests (Core 1/1, passed_count 17)
  1.78% of Permutation test rounds,  89.47% of Permutation tests (Core 0/1, passed_count 17)
  1.79% of Permutation test rounds,  89.47% of Permutation tests (Core 1/1, passed_count 17)
  1.80% of Permutation test rounds,  89.47% of Permutation tests (Core 0/1, passed_count 17)
  1.81% of Permutation test rounds,  89.47% of Permutation tests (Core 1/1, passed_count 17)
  1.82% of Permutation test rounds,  89.47% of Permutation tests (Core 0/1, passed_count 17)
  1.83% of Permutation test rounds,  89.47% of Permutation tests (Core 1/1, passed_count 17)
  1.84% of Permutation test rounds,  89.47% of Permutation tests (Core 0/1, passed_count 17)
  1.85% of Permutation test rounds,  89.47% of Permutation tests (Core 1/1, passed_count 17)
  1.86% of Permutation test rounds,  89.47% of Permutation tests (Core 0/1, passed_count 17)
  1.87% of Permutation test rounds,  89.47% of Permutation tests (Core 1/1, passed_count 17)
  1.88% of Permutation test rounds,  89.47% of Permutation tests (Core 0/1, passed_count 17)
  1.89% of Permutation test rounds,  89.47% of Permutation tests (Core 1/1, passed_count 17)
  1.90% of Permutation test rounds,  89.47% of Permutation tests (Core 0/1, passed_count 17)
  1.91% of Permutation test rounds,  89.47% of Permutation tests (Core 1/1, passed_count 17)
  1.92% of Permutation test rounds,  89.47% of Permutation tests (Core 0/1, passed_count 17)
  1.93% of Permutation test rounds,  89.47% of Permutation tests (Core 1/1, passed_count 17)
  1.94% of Permutation test rounds,  89.47% of Permutation tests (Core 0/1, passed_count 17)
  1.95% of Permutation test rounds,  89.47% of Permutation tests (Core 1/1, passed_count 17)
  1.96% of Permutation test rounds,  89.47% of Permutation tests (Core 0/1, passed_count 17)
  1.97% of Permutation test rounds,  89.47% of Permutation tests (Core 1/1, passed_count 17)
  1.98% of Permutation test rounds,  89.47% of Permutation tests (Core 0/1, passed_count 17)
  1.99% of Permutation test rounds,  89.47% of Permutation tests (Core 1/1, passed_count 17)
  2.00% of Permutation test rounds,  94.74% of Permutation tests (Core 0/1, passed_count 18)
  2.01% of Permutation test rounds,  94.74% of Permutation tests (Core 1/1, passed_count 18)
  2.02% of Permutation test rounds,  94.74% of Permutation tests (Core 0/1, passed_count 18)
  2.03% of Permutation test rounds,  94.74% of Permutation tests (Core 1/1, passed_count 18)
  2.04% of Permutation test rounds,  94.74% of Permutation tests (Core 0/1, passed_count 18)
  2.05% of Permutation test rounds,  94.74% of Permutation tests (Core 1/1, passed_count 18)
  2.06% of Permutation test rounds,  94.74% of Permutation tests (Core 0/1, passed_count 18)
  2.07% of Permutation test rounds,  94.74% of Permutation tests (Core 1/1, passed_count 18)
  2.08% of Permutation test rounds,  94.74% of Permutation tests (Core 0/1, passed_count 18)
  2.09% of Permutation test rounds,  94.74% of Permutation tests (Core 1/1, passed_count 18)
  2.10% of Permutation test rounds,  94.74% of Permutation tests (Core 0/1, passed_count 18)
  2.11% of Permutation test rounds,  94.74% of Permutation tests (Core 1/1, passed_count 18)
  2.12% of Permutation test rounds,  94.74% of Permutation tests (Core 0/1, passed_count 18)
  2.13% of Permutation test rounds,  94.74% of Permutation tests (Core 1/1, passed_count 18)
  2.14% of Permutation test rounds,  94.74% of Permutation tests (Core 1/1, passed_count 18)
  2.15% of Permutation test rounds,  94.74% of Permutation tests (Core 0/1, passed_count 18)
  2.16% of Permutation test rounds,  94.74% of Permutation tests (Core 1/1, passed_count 18)
  2.17% of Permutation test rounds,  94.74% of Permutation tests (Core 0/1, passed_count 18)
  2.18% of Permutation test rounds,  94.74% of Permutation tests (Core 1/1, passed_count 18)
  2.19% of Permutation test rounds,  94.74% of Permutation tests (Core 0/1, passed_count 18)
  2.20% of Permutation test rounds,  94.74% of Permutation tests (Core 0/1, passed_count 18)
  2.21% of Permutation test rounds,  94.74% of Permutation tests (Core 1/1, passed_count 18)
  2.22% of Permutation test rounds,  94.74% of Permutation tests (Core 0/1, passed_count 18)
  2.23% of Permutation test rounds,  94.74% of Permutation tests (Core 0/1, passed_count 18)
  2.24% of Permutation test rounds,  94.74% of Permutation tests (Core 1/1, passed_count 18)
  2.25% of Permutation test rounds,  94.74% of Permutation tests (Core 1/1, passed_count 18)
  2.26% of Permutation test rounds,  94.74% of Permutation tests (Core 0/1, passed_count 18)
  2.27% of Permutation test rounds,  94.74% of Permutation tests (Core 1/1, passed_count 18)
  2.28% of Permutation test rounds,  94.74% of Permutation tests (Core 0/1, passed_count 18)
  2.29% of Permutation test rounds,  94.74% of Permutation tests (Core 1/1, passed_count 18)
  2.30% of Permutation test rounds,  94.74% of Permutation tests (Core 0/1, passed_count 18)
  2.31% of Permutation test rounds,  94.74% of Permutation tests (Core 1/1, passed_count 18)
  2.32% of Permutation test rounds,  94.74% of Permutation tests (Core 0/1, passed_count 18)
  2.33% of Permutation test rounds,  94.74% of Permutation tests (Core 1/1, passed_count 18)
  2.34% of Permutation test rounds,  94.74% of Permutation tests (Core 0/1, passed_count 18)
  2.35% of Permutation test rounds,  94.74% of Permutation tests (Core 1/1, passed_count 18)
  2.36% of Permutation test rounds,  94.74% of Permutation tests (Core 0/1, passed_count 18)
  2.37% of Permutation test rounds,  94.74% of Permutation tests (Core 1/1, passed_count 18)
  2.38% of Permutation test rounds,  94.74% of Permutation tests (Core 0/1, passed_count 18)
  2.39% of Permutation test rounds,  94.74% of Permutation tests (Core 1/1, passed_count 18)
  2.40% of Permutation test rounds,  94.74% of Permutation tests (Core 0/1, passed_count 18)
  2.41% of Permutation test rounds,  94.74% of Permutation tests (Core 1/1, passed_count 18)
  2.42% of Permutation test rounds,  94.74% of Permutation tests (Core 0/1, passed_count 18)
  2.43% of Permutation test rounds,  94.74% of Permutation tests (Core 1/1, passed_count 18)
  2.44% of Permutation test rounds,  94.74% of Permutation tests (Core 0/1, passed_count 18)
  2.45% of Permutation test rounds,  94.74% of Permutation tests (Core 1/1, passed_count 18)
  2.46% of Permutation test rounds,  94.74% of Permutation tests (Core 0/1, passed_count 18)
  2.47% of Permutation test rounds,  94.74% of Permutation tests (Core 1/1, passed_count 18)
  2.48% of Permutation test rounds,  94.74% of Permutation tests (Core 0/1, passed_count 18)
  2.49% of Permutation test rounds,  94.74% of Permutation tests (Core 1/1, passed_count 18)
  2.50% of Permutation test rounds,  94.74% of Permutation tests (Core 0/1, passed_count 18)
  2.51% of Permutation test rounds,  94.74% of Permutation tests (Core 1/1, passed_count 18)
  2.52% of Permutation test rounds,  94.74% of Permutation tests (Core 0/1, passed_count 18)
  2.53% of Permutation test rounds,  94.74% of Permutation tests (Core 1/1, passed_count 18)
  2.54% of Permutation test rounds,  94.74% of Permutation tests (Core 0/1, passed_count 18)
  2.55% of Permutation test rounds,  94.74% of Permutation tests (Core 1/1, passed_count 18)
  2.56% of Permutation test rounds,  94.74% of Permutation tests (Core 0/1, passed_count 18)
  2.57% of Permutation test rounds,  94.74% of Permutation tests (Core 1/1, passed_count 18)
  2.58% of Permutation test rounds,  94.74% of Permutation tests (Core 1/1, passed_count 18)
  2.59% of Permutation test rounds,  94.74% of Permutation tests (Core 0/1, passed_count 18)
  2.60% of Permutation test rounds,  94.74% of Permutation tests (Core 1/1, passed_count 18)
  2.61% of Permutation test rounds,  94.74% of Permutation tests (Core 0/1, passed_count 18)
  2.62% of Permutation test rounds,  94.74% of Permutation tests (Core 1/1, passed_count 18)
  2.63% of Permutation test rounds,  94.74% of Permutation tests (Core 0/1, passed_count 18)
  2.64% of Permutation test rounds,  94.74% of Permutation tests (Core 1/1, passed_count 18)
  2.65% of Permutation test rounds,  94.74% of Permutation tests (Core 0/1, passed_count 18)
  2.66% of Permutation test rounds,  94.74% of Permutation tests (Core 1/1, passed_count 18)
  2.67% of Permutation test rounds,  94.74% of Permutation tests (Core 0/1, passed_count 18)
  2.68% of Permutation test rounds,  94.74% of Permutation tests (Core 1/1, passed_count 18)
  2.69% of Permutation test rounds,  94.74% of Permutation tests (Core 0/1, passed_count 18)
  2.70% of Permutation test rounds,  94.74% of Permutation tests (Core 1/1, passed_count 18)
  2.71% of Permutation test rounds,  94.74% of Permutation tests (Core 0/1, passed_count 18)
  2.72% of Permutation test rounds,  94.74% of Permutation tests (Core 1/1, passed_count 18)
  2.73% of Permutation test rounds,  94.74% of Permutation tests (Core 0/1, passed_count 18)
  2.74% of Permutation test rounds,  94.74% of Permutation tests (Core 1/1, passed_count 18)
  2.75% of Permutation test rounds,  94.74% of Permutation tests (Core 0/1, passed_count 18)
  2.76% of Permutation test rounds,  94.74% of Permutation tests (Core 1/1, passed_count 18)
  2.77% of Permutation test rounds,  94.74% of Permutation tests (Core 0/1, passed_count 18)
  2.78% of Permutation test rounds,  94.74% of Permutation tests (Core 1/1, passed_count 18)
  2.79% of Permutation test rounds, 100.00% of Permutation tests (Core 0/1, passed_count 19)
 51.39% of Permutation test rounds, 100.00% of Permutation tests (Core 1/1, passed_count 19)


                statistic  C[i][0]  C[i][1]  C[i][2]
----------------------------------------------------
                excursion       6       0      10
       numDirectionalRuns      14       0       6
       lenDirectionalRuns       1       5      19
    numIncreasesDecreases      86       0       6
            numRunsMedian       6       0      12
            lenRunsMedian       5       5       1
             avgCollision       6       0     122
             maxCollision     194       6       0
           periodicity(1)     273       0       6
           periodicity(2)       6       0      16
           periodicity(8)      46       0       6
          periodicity(16)       6       0       6
          periodicity(32)      27       0       6
            covariance(1)      12       0       6
            covariance(2)       6       0      20
            covariance(8)       6       0      27
           covariance(16)       6       0      11
           covariance(32)      38       0       6
              compression      55       0       6
(* denotes failed test)

** Passed IID permutation tests


real	0m21.018s
user	0m30.359s
sys	0m0.415s
ea_iid -c exit=0
