Opening file: 'rep2040.bin' (SHA-256 hash 5343b7e9401efde7a2e01494f49a3a77b4c768ba60cd5933ef35a606fe37f8cd)
Loaded 1000000 samples of 256 distinct 8-bit-wide symbols
Number of Binary samples: 8000000
Raw Mean = 127.489802
Median = 127
Binary = false
Literal Most Common Value Estimate: Mode count = 4070
Literal Most Common Value Estimate: p-hat = 0.0040699999999999998
Literal Most Common Value Estimate: p_u = 0.0042339943586273618
Literal Most Common Value Estimate: min entropy = 7.8837649375616845
Bitstring Most Common Value Estimate: Mode count = 4000517
Bitstring Most Common Value Estimate: p-hat = 0.50006462500000004
Bitstring Most Common Value Estimate: p_u = 0.50051997161658546
Bitstring Most Common Value Estimate: min entropy = 0.9985004586385704
H_bitstring = 0.9985004586385704
H_bitstring Per Symbol = 7.9880036691085632
H_original = 7.8837649375616845
Assessed min entropy: 7.8837649375616845
Chi square independence: T = 65589.611703168397
Chi square independence: df = 65280
Chi square independence: P-value = 0.19562348281911471
Chi square goodness of fit: T = 2199.5035866180547
Chi square goodness of fit: df = 2295
Chi square goodness of fit: P-value = 0.92215471086480993
Chi square tests: Passed
Literal Longest Repeated Substring results: P_col = 0.003907105087999999966714
Literal Longest Repeated Substring results: W = 2040
Literal Longest Repeated Substring results: Pr(X >= 1) = 0
Length of longest repeated substring test: Failed
Permutation testing: Unpermuted result excursion = 38694.58161999864387326
Permutation testing: Unpermuted result numDirectionalRuns = 665733
Permutation testing: Unpermuted result lenDirectionalRuns = 8
Permutation testing: Unpermuted result numIncreasesDecreases = 501558
Permutation testing: Unpermuted result numRunsMedian = 499130
Permutation testing: Unpermuted result lenRunsMedian = 21
Permutation testing: Unpermuted result avgCollision = 20.75075741855156508109
Permutation testing: Unpermuted result maxCollision = 76
Permutation testing: Unpermuted result periodicity(1) = 3899
Permutation testing: Unpermuted result periodicity(2) = 3970
Permutation testing: Unpermuted result periodicity(8) = 3912
Permutation testing: Unpermuted result periodicity(16) = 3967
Permutation testing: Unpermuted result periodicity(32) = 3950
Permutation testing: Unpermuted result covariance(1) = 16264188344
Permutation testing: Unpermuted result covariance(2) = 16244534763
Permutation testing: Unpermuted result covariance(8) = 16262444297
Permutation testing: Unpermuted result covariance(16) = 16261321686
Permutation testing: Unpermuted result covariance(32) = 16254279605
Permutation testing: Unpermuted result compression = 1067706


                statistic  C[i][0]  C[i][1]  C[i][2]
----------------------------------------------------
                excursion      57       0       6
       numDirectionalRuns     380       0       6
       lenDirectionalRuns       2       6       0
    numIncreasesDecreases      50       0       6
            numRunsMedian     138       0       6
            lenRunsMedian       4       2      13
             avgCollision       6       0      10
             maxCollision       4       2      17
           periodicity(1)       6       0       8
           periodicity(2)       6       0      24
           periodicity(8)      13       0       6
          periodicity(16)       6       0      26
          periodicity(32)       5       1      26
            covariance(1)       6       0     337
            covariance(2)     120       0       6
            covariance(8)       6       0      70
           covariance(16)       6       0      50
           covariance(32)       9       0       6
              compression       6       0       8
(* denotes failed test)

IID permutation tests: Passed
